// Jest Snapshot v1, https://goo.gl/fbAQLP

exports[`Layout fetches and renders weather data. 1`] = `
<div>
  <div
    className={undefined}
  />
  <div
    className="weather-section"
  >
    <div
      className="d-flex justify-content-between"
    >
      <div
        className="section-title"
      >
        LATEST WEATHER AT ELYSIUM PLANTITIA
      </div>
      <div
        className="unit"
      >
        <label
          className="label h5"
          htmlFor="cel"
        >
          째C
        </label>
        <input
          checked="checked"
          id="cel"
          name="unit"
          readOnly={true}
          type="radio"
        />
        <button
          className="unit-toggle"
          onClick={[Function]}
        />
        <label
          className="label h5"
          htmlFor="fah"
        >
          째F
        </label>
        <input
          checked={false}
          id="fah"
          name="unit"
          readOnly={true}
          type="radio"
        />
      </div>
    </div>
    <div
      className="weather-container d-flex"
    >
      <div
        className="text-right"
      >
        <div
          className="sol display-4"
        >
          Sol 
          1314
        </div>
        <div
          className="h2 text-muted"
        >
          Jun
           
          30
        </div>
      </div>
      <div
        className="divider"
      />
      <div
        className="col"
      >
        <div
          className="h5"
        >
          High: 
          -25째C
        </div>
        <div
          className="h5"
        >
          Low: 
          -78째C
        </div>
        <div>
          <div>
            Wind Speed: 
            N/A
          </div>
          <div>
            Wind Direction: 
            N/A
          </div>
        </div>
      </div>
      <div
        className="col text-right"
      >
        <div
          className="h5"
        >
          Sunny
        </div>
        <div>
          <div>
            Autumn
          </div>
          <div>
            UV Index: 
            Moderate
          </div>
          <div>
            Sunrise: 
            06:02
          </div>
          <div>
            Sunset: 
            17:47
          </div>
        </div>
      </div>
    </div>
  </div>
</div>
`;
